├──myTree.runtimeconfig.json 31.07.2019 12:52:59
├──txt 31.07.2019 18:05:17
│   ├──helloworld.txt 31.07.2019 18:05:02
│   └──byeworld.txt 31.07.2019 18:04:57
├──tmp 31.07.2019 17:58:39
│   ├──helloworld.txt 31.07.2019 17:55:02
│   ├──byeworld.txt 31.07.2019 17:55:01
│   └──123 31.07.2019 18:05:17
│      ├──helloworld.txt 31.07.2019 18:04:52
│      └──byeworld.txt 31.07.2019 18:04:46
└──myTree.dll 31.07.2019 12:52:53
