├──myTree.dll
├──myTree.runtimeconfig.json
├──tmp
│   ├──123
│   │   ├──byeworld.txt
│   │   └──helloworld.txt
│   ├──byeworld.txt
│   └──helloworld.txt
└──txt
   ├──byeworld.txt
   └──helloworld.txt
