├──myTree.dll 31.07.2019 12:52:53
├──myTree.runtimeconfig.json 31.07.2019 12:52:59
├──tmp 31.07.2019 17:58:39
│   ├──byeworld.txt 31.07.2019 17:55:01
│   ├──helloworld.txt 31.07.2019 17:55:02
│   └──123 31.07.2019 18:05:17
│      ├──byeworld.txt 31.07.2019 18:04:46
│      └──helloworld.txt 31.07.2019 18:04:52
└──txt 31.07.2019 18:05:17
   ├──byeworld.txt 31.07.2019 18:04:57
   └──helloworld.txt 31.07.2019 18:05:02
