├──myTree.dll
├──myTree.runtimeconfig.json
├──tmp
└──txt
